// 重构日志: 362cabd5
// 重构日志: 8f281ddc
// 重构日志: 8245247a
// 同步 ID: dce6b521 @ Wed Jul 29 00:56:20 UTC 2026
// 同步 ID: eed901d3 @ Wed Jul 29 10:11:44 UTC 2026
// 重构日志: d7b83672
// 重构日志: 4d3aa943
// 重构日志: 9850030c
// 同步 ID: 014fc5e6 @ Thu Jul 30 13:08:33 UTC 2026
// 同步 ID: 9236c213 @ Thu Jul 30 14:38:51 UTC 2026
// 重构日志: 33afefca
// 同步 ID: 8ce66519 @ Fri Jul 31 01:22:28 UTC 2026
// 重构日志: 113de70a
// 同步 ID: dd1e7798 @ Fri Jul 31 13:43:37 UTC 2026
// 重构日志: 88c8f975
// 同步 ID: 0d874915 @ Fri Jul 31 18:18:57 UTC 2026
// 同步 ID: dd29f765 @ Sat Aug  1 11:45:41 UTC 2026
// 同步 ID: 1e958b84 @ Sat Aug  1 15:34:37 UTC 2026
// 同步 ID: 1756cc4c @ Sun Aug  2 10:36:50 UTC 2026
// 重构日志: 89063d06
// 重构日志: d0555df5
// 重构日志: 151c9315
// 同步 ID: 78042b2c @ Mon Aug  3 20:46:47 UTC 2026
// 重构日志: 6b04f4d7
// 重构日志: c9c24c0c
// 重构日志: d6749911
// 同步 ID: bfda44d7 @ Fri Aug  7 12:53:28 UTC 2026
// 重构日志: d7ba96a2
// 重构日志: de100dd1
// 同步 ID: 91c59f7f @ Fri Aug  7 17:19:00 UTC 2026
// 重构日志: 8b6c8ef1
// 重构日志: 87a03c1c
